[      86ms] [ERROR] Failed to load resource: net::ERR_NAME_NOT_RESOLVED @ https://static.cloudflare.com/beacon.min.js:0
[     130ms] [INFO] %cDownload the React DevTools for a better development experience: https://react.dev/link/react-devtools font-weight:bold @ http://localhost:5173/node_modules/.vite/deps/react-dom_client.js?v=69040897:14337
[     199ms] [ERROR] Access to fetch at 'https://gitfolio-workers.gitfolio-api.workers.dev/premium/status' from origin 'http://localhost:5173' has been blocked by CORS policy: Response to preflight request doesn't pass access control check: The 'Access-Control-Allow-Origin' header has a value 'https://gitfolio.harmnix.com' that is not equal to the supplied origin. Have the server send the header with a valid value. @ http://localhost:5173/dashboard:0
[     199ms] [ERROR] Failed to load resource: net::ERR_FAILED @ https://gitfolio-workers.gitfolio-api.workers.dev/premium/status:0
[     199ms] [ERROR] Error verifying premium status: TypeError: Failed to fetch
    at verifyPremiumStatus (http://localhost:5173/src/hooks/usePremium.js:17:29) @ http://localhost:5173/src/hooks/usePremium.js:34
[     208ms] [ERROR] Access to fetch at 'https://gitfolio-workers.gitfolio-api.workers.dev/premium/status' from origin 'http://localhost:5173' has been blocked by CORS policy: Response to preflight request doesn't pass access control check: The 'Access-Control-Allow-Origin' header has a value 'https://gitfolio.harmnix.com' that is not equal to the supplied origin. Have the server send the header with a valid value. @ http://localhost:5173/dashboard:0
[     208ms] [ERROR] Failed to load resource: net::ERR_FAILED @ https://gitfolio-workers.gitfolio-api.workers.dev/premium/status:0
[     208ms] [ERROR] Error verifying premium status: TypeError: Failed to fetch
    at verifyPremiumStatus (http://localhost:5173/src/hooks/usePremium.js:17:29) @ http://localhost:5173/src/hooks/usePremium.js:34
[     329ms] [ASSERT] Test 1 failed: Expected JavaScript as top language, got Python @ http://localhost:5173/src/analytics/languageScore.js:91
[     335ms] [ASSERT] Should be frontend or fullstack @ http://localhost:5173/src/analytics/domainClassifier.js:212
[     335ms] [ASSERT] Should be dsa_cp for DSA repo @ http://localhost:5173/src/analytics/domainClassifier.js:215
[     488ms] [ERROR] %o

%s

%s
 ReferenceError: PlacementCard is not defined
    at Dashboard (http://localhost:5173/src/pages/Dashboard.jsx?t=1779451083714:513:44)
    at Object.react_stack_bottom_frame (http://localhost:5173/node_modules/.vite/deps/react-dom_client.js?v=69040897:12868:12)
    at renderWithHooks (http://localhost:5173/node_modules/.vite/deps/react-dom_client.js?v=69040897:4213:19)
    at updateFunctionComponent (http://localhost:5173/node_modules/.vite/deps/react-dom_client.js?v=69040897:5569:16)
    at beginWork (http://localhost:5173/node_modules/.vite/deps/react-dom_client.js?v=69040897:6120:628)
    at runWithFiberInDEV (http://localhost:5173/node_modules/.vite/deps/react-dom_client.js?v=69040897:851:66)
    at performUnitOfWork (http://localhost:5173/node_modules/.vite/deps/react-dom_client.js?v=69040897:8429:92)
    at workLoopSync (http://localhost:5173/node_modules/.vite/deps/react-dom_client.js?v=69040897:8325:37)
    at renderRootSync (http://localhost:5173/node_modules/.vite/deps/react-dom_client.js?v=69040897:8309:6)
    at performWorkOnRoot (http://localhost:5173/node_modules/.vite/deps/react-dom_client.js?v=69040897:7994:27) The above error occurred in the <Dashboard> component. React will try to recreate this component tree from scratch using the error boundary you provided, ErrorBoundary. @ http://localhost:5173/node_modules/.vite/deps/react-dom_client.js?v=69040897:5273
[     489ms] [ERROR] ErrorBoundary caught an error ReferenceError: PlacementCard is not defined
    at Dashboard (http://localhost:5173/src/pages/Dashboard.jsx?t=1779451083714:513:44)
    at Object.react_stack_bottom_frame (http://localhost:5173/node_modules/.vite/deps/react-dom_client.js?v=69040897:12868:12)
    at renderWithHooks (http://localhost:5173/node_modules/.vite/deps/react-dom_client.js?v=69040897:4213:19)
    at updateFunctionComponent (http://localhost:5173/node_modules/.vite/deps/react-dom_client.js?v=69040897:5569:16)
    at beginWork (http://localhost:5173/node_modules/.vite/deps/react-dom_client.js?v=69040897:6120:628)
    at runWithFiberInDEV (http://localhost:5173/node_modules/.vite/deps/react-dom_client.js?v=69040897:851:66)
    at performUnitOfWork (http://localhost:5173/node_modules/.vite/deps/react-dom_client.js?v=69040897:8429:92)
    at workLoopSync (http://localhost:5173/node_modules/.vite/deps/react-dom_client.js?v=69040897:8325:37)
    at renderRootSync (http://localhost:5173/node_modules/.vite/deps/react-dom_client.js?v=69040897:8309:6)
    at performWorkOnRoot (http://localhost:5173/node_modules/.vite/deps/react-dom_client.js?v=69040897:7994:27) {componentStack: 
    at Dashboard (http://localhost:5173/src/pages…/localhost:5173/src/App.jsx?t=1779451083714:51:2)} @ http://localhost:5173/src/components/ErrorBoundary.jsx:13
