[     121ms] [ERROR] Failed to load resource: net::ERR_NAME_NOT_RESOLVED @ https://static.cloudflare.com/beacon.min.js:0
[     313ms] [INFO] %cDownload the React DevTools for a better development experience: https://react.dev/link/react-devtools font-weight:bold @ http://localhost:5173/node_modules/.vite/deps/react-dom_client.js?v=69040897:14337
[     616ms] [ERROR] Access to fetch at 'https://gitfolio-workers.gitfolio-api.workers.dev/premium/status' from origin 'http://localhost:5173' has been blocked by CORS policy: Response to preflight request doesn't pass access control check: The 'Access-Control-Allow-Origin' header has a value 'https://gitfolio.harmnix.com' that is not equal to the supplied origin. Have the server send the header with a valid value. @ http://localhost:5173/dashboard:0
[     619ms] [ERROR] Failed to load resource: net::ERR_FAILED @ https://gitfolio-workers.gitfolio-api.workers.dev/premium/status:0
[     619ms] [ERROR] Error verifying premium status: TypeError: Failed to fetch
    at verifyPremiumStatus (http://localhost:5173/src/hooks/usePremium.js:17:29) @ http://localhost:5173/src/hooks/usePremium.js:34
[     619ms] [ERROR] Access to fetch at 'https://gitfolio-workers.gitfolio-api.workers.dev/premium/status' from origin 'http://localhost:5173' has been blocked by CORS policy: Response to preflight request doesn't pass access control check: The 'Access-Control-Allow-Origin' header has a value 'https://gitfolio.harmnix.com' that is not equal to the supplied origin. Have the server send the header with a valid value. @ http://localhost:5173/dashboard:0
[     620ms] [ERROR] Failed to load resource: net::ERR_FAILED @ https://gitfolio-workers.gitfolio-api.workers.dev/premium/status:0
[     620ms] [ERROR] Error verifying premium status: TypeError: Failed to fetch
    at verifyPremiumStatus (http://localhost:5173/src/hooks/usePremium.js:17:29) @ http://localhost:5173/src/hooks/usePremium.js:34
[    1360ms] [ASSERT] Test 1 failed: Expected JavaScript as top language, got Python @ http://localhost:5173/src/analytics/languageScore.js:91
[    1377ms] [ASSERT] Should be frontend or fullstack @ http://localhost:5173/src/analytics/domainClassifier.js:212
[    1377ms] [ASSERT] Should be dsa_cp for DSA repo @ http://localhost:5173/src/analytics/domainClassifier.js:215
[    1461ms] [ERROR] Access to fetch at 'https://gitfolio-workers.gitfolio-api.workers.dev/premium/status' from origin 'http://localhost:5173' has been blocked by CORS policy: Response to preflight request doesn't pass access control check: The 'Access-Control-Allow-Origin' header has a value 'https://gitfolio.harmnix.com' that is not equal to the supplied origin. Have the server send the header with a valid value. @ http://localhost:5173/dashboard:0
[    1461ms] [ERROR] Failed to load resource: net::ERR_FAILED @ https://gitfolio-workers.gitfolio-api.workers.dev/premium/status:0
[    1461ms] [ERROR] Error verifying premium status: TypeError: Failed to fetch
    at verifyPremiumStatus (http://localhost:5173/src/hooks/usePremium.js:17:29) @ http://localhost:5173/src/hooks/usePremium.js:34
[    1462ms] [ERROR] Access to fetch at 'https://gitfolio-workers.gitfolio-api.workers.dev/premium/status' from origin 'http://localhost:5173' has been blocked by CORS policy: Response to preflight request doesn't pass access control check: The 'Access-Control-Allow-Origin' header has a value 'https://gitfolio.harmnix.com' that is not equal to the supplied origin. Have the server send the header with a valid value. @ http://localhost:5173/dashboard:0
[    1463ms] [ERROR] Failed to load resource: net::ERR_FAILED @ https://gitfolio-workers.gitfolio-api.workers.dev/premium/status:0
[    1463ms] [ERROR] Error verifying premium status: TypeError: Failed to fetch
    at verifyPremiumStatus (http://localhost:5173/src/hooks/usePremium.js:17:29) @ http://localhost:5173/src/hooks/usePremium.js:34
[    1467ms] [ERROR] Access to fetch at 'https://gitfolio-workers.gitfolio-api.workers.dev/premium/status' from origin 'http://localhost:5173' has been blocked by CORS policy: Response to preflight request doesn't pass access control check: The 'Access-Control-Allow-Origin' header has a value 'https://gitfolio.harmnix.com' that is not equal to the supplied origin. Have the server send the header with a valid value. @ http://localhost:5173/dashboard:0
[    1467ms] [ERROR] Failed to load resource: net::ERR_FAILED @ https://gitfolio-workers.gitfolio-api.workers.dev/premium/status:0
[    1467ms] [ERROR] Error verifying premium status: TypeError: Failed to fetch
    at verifyPremiumStatus (http://localhost:5173/src/hooks/usePremium.js:17:29) @ http://localhost:5173/src/hooks/usePremium.js:34
[    1471ms] [ERROR] Access to fetch at 'https://gitfolio-workers.gitfolio-api.workers.dev/premium/status' from origin 'http://localhost:5173' has been blocked by CORS policy: Response to preflight request doesn't pass access control check: The 'Access-Control-Allow-Origin' header has a value 'https://gitfolio.harmnix.com' that is not equal to the supplied origin. Have the server send the header with a valid value. @ http://localhost:5173/dashboard:0
[    1471ms] [ERROR] Failed to load resource: net::ERR_FAILED @ https://gitfolio-workers.gitfolio-api.workers.dev/premium/status:0
[    1471ms] [ERROR] Error verifying premium status: TypeError: Failed to fetch
    at verifyPremiumStatus (http://localhost:5173/src/hooks/usePremium.js:17:29) @ http://localhost:5173/src/hooks/usePremium.js:34
[    1472ms] [ERROR] Access to fetch at 'https://gitfolio-workers.gitfolio-api.workers.dev/premium/status' from origin 'http://localhost:5173' has been blocked by CORS policy: Response to preflight request doesn't pass access control check: The 'Access-Control-Allow-Origin' header has a value 'https://gitfolio.harmnix.com' that is not equal to the supplied origin. Have the server send the header with a valid value. @ http://localhost:5173/dashboard:0
[    1473ms] [ERROR] Failed to load resource: net::ERR_FAILED @ https://gitfolio-workers.gitfolio-api.workers.dev/premium/status:0
[    1473ms] [ERROR] Error verifying premium status: TypeError: Failed to fetch
    at verifyPremiumStatus (http://localhost:5173/src/hooks/usePremium.js:17:29) @ http://localhost:5173/src/hooks/usePremium.js:34
[    1478ms] [ERROR] Access to fetch at 'https://gitfolio-workers.gitfolio-api.workers.dev/premium/status' from origin 'http://localhost:5173' has been blocked by CORS policy: Response to preflight request doesn't pass access control check: The 'Access-Control-Allow-Origin' header has a value 'https://gitfolio.harmnix.com' that is not equal to the supplied origin. Have the server send the header with a valid value. @ http://localhost:5173/dashboard:0
[    1478ms] [ERROR] Failed to load resource: net::ERR_FAILED @ https://gitfolio-workers.gitfolio-api.workers.dev/premium/status:0
[    1478ms] [ERROR] Error verifying premium status: TypeError: Failed to fetch
    at verifyPremiumStatus (http://localhost:5173/src/hooks/usePremium.js:17:29) @ http://localhost:5173/src/hooks/usePremium.js:34
[    1479ms] [ERROR] Access to fetch at 'https://gitfolio-workers.gitfolio-api.workers.dev/premium/status' from origin 'http://localhost:5173' has been blocked by CORS policy: Response to preflight request doesn't pass access control check: The 'Access-Control-Allow-Origin' header has a value 'https://gitfolio.harmnix.com' that is not equal to the supplied origin. Have the server send the header with a valid value. @ http://localhost:5173/dashboard:0
[    1479ms] [ERROR] Failed to load resource: net::ERR_FAILED @ https://gitfolio-workers.gitfolio-api.workers.dev/premium/status:0
[    1479ms] [ERROR] Error verifying premium status: TypeError: Failed to fetch
    at verifyPremiumStatus (http://localhost:5173/src/hooks/usePremium.js:17:29) @ http://localhost:5173/src/hooks/usePremium.js:34
[    1479ms] [ERROR] Access to fetch at 'https://gitfolio-workers.gitfolio-api.workers.dev/premium/status' from origin 'http://localhost:5173' has been blocked by CORS policy: Response to preflight request doesn't pass access control check: The 'Access-Control-Allow-Origin' header has a value 'https://gitfolio.harmnix.com' that is not equal to the supplied origin. Have the server send the header with a valid value. @ http://localhost:5173/dashboard:0
[    1479ms] [ERROR] Failed to load resource: net::ERR_FAILED @ https://gitfolio-workers.gitfolio-api.workers.dev/premium/status:0
[    1479ms] [ERROR] Error verifying premium status: TypeError: Failed to fetch
    at verifyPremiumStatus (http://localhost:5173/src/hooks/usePremium.js:17:29) @ http://localhost:5173/src/hooks/usePremium.js:34
[    2029ms] [ERROR] Access to fetch at 'https://gitfolio-workers.gitfolio-api.workers.dev/premium/status' from origin 'http://localhost:5173' has been blocked by CORS policy: Response to preflight request doesn't pass access control check: The 'Access-Control-Allow-Origin' header has a value 'https://gitfolio.harmnix.com' that is not equal to the supplied origin. Have the server send the header with a valid value. @ http://localhost:5173/dashboard:0
[    2029ms] [ERROR] Failed to load resource: net::ERR_FAILED @ https://gitfolio-workers.gitfolio-api.workers.dev/premium/status:0
[    2029ms] [ERROR] Error verifying premium status: TypeError: Failed to fetch
    at verifyPremiumStatus (http://localhost:5173/src/hooks/usePremium.js:17:29) @ http://localhost:5173/src/hooks/usePremium.js:34
[    2030ms] [ERROR] Access to fetch at 'https://gitfolio-workers.gitfolio-api.workers.dev/premium/status' from origin 'http://localhost:5173' has been blocked by CORS policy: Response to preflight request doesn't pass access control check: The 'Access-Control-Allow-Origin' header has a value 'https://gitfolio.harmnix.com' that is not equal to the supplied origin. Have the server send the header with a valid value. @ http://localhost:5173/dashboard:0
[    2031ms] [ERROR] Failed to load resource: net::ERR_FAILED @ https://gitfolio-workers.gitfolio-api.workers.dev/premium/status:0
[    2031ms] [ERROR] Error verifying premium status: TypeError: Failed to fetch
    at verifyPremiumStatus (http://localhost:5173/src/hooks/usePremium.js:17:29) @ http://localhost:5173/src/hooks/usePremium.js:34
[    2031ms] [ERROR] Access to fetch at 'https://gitfolio-workers.gitfolio-api.workers.dev/premium/status' from origin 'http://localhost:5173' has been blocked by CORS policy: Response to preflight request doesn't pass access control check: The 'Access-Control-Allow-Origin' header has a value 'https://gitfolio.harmnix.com' that is not equal to the supplied origin. Have the server send the header with a valid value. @ http://localhost:5173/dashboard:0
[    2031ms] [ERROR] Failed to load resource: net::ERR_FAILED @ https://gitfolio-workers.gitfolio-api.workers.dev/premium/status:0
[    2031ms] [ERROR] Error verifying premium status: TypeError: Failed to fetch
    at verifyPremiumStatus (http://localhost:5173/src/hooks/usePremium.js:17:29) @ http://localhost:5173/src/hooks/usePremium.js:34
[    2032ms] [ERROR] Access to fetch at 'https://gitfolio-workers.gitfolio-api.workers.dev/premium/status' from origin 'http://localhost:5173' has been blocked by CORS policy: Response to preflight request doesn't pass access control check: The 'Access-Control-Allow-Origin' header has a value 'https://gitfolio.harmnix.com' that is not equal to the supplied origin. Have the server send the header with a valid value. @ http://localhost:5173/dashboard:0
[    2032ms] [ERROR] Failed to load resource: net::ERR_FAILED @ https://gitfolio-workers.gitfolio-api.workers.dev/premium/status:0
[    2032ms] [ERROR] Error verifying premium status: TypeError: Failed to fetch
    at verifyPremiumStatus (http://localhost:5173/src/hooks/usePremium.js:17:29) @ http://localhost:5173/src/hooks/usePremium.js:34
[    2032ms] [ERROR] Access to fetch at 'https://gitfolio-workers.gitfolio-api.workers.dev/premium/status' from origin 'http://localhost:5173' has been blocked by CORS policy: Response to preflight request doesn't pass access control check: The 'Access-Control-Allow-Origin' header has a value 'https://gitfolio.harmnix.com' that is not equal to the supplied origin. Have the server send the header with a valid value. @ http://localhost:5173/dashboard:0
[    2032ms] [ERROR] Failed to load resource: net::ERR_FAILED @ https://gitfolio-workers.gitfolio-api.workers.dev/premium/status:0
[    2032ms] [ERROR] Error verifying premium status: TypeError: Failed to fetch
    at verifyPremiumStatus (http://localhost:5173/src/hooks/usePremium.js:17:29) @ http://localhost:5173/src/hooks/usePremium.js:34
[    2032ms] [ERROR] Access to fetch at 'https://gitfolio-workers.gitfolio-api.workers.dev/premium/status' from origin 'http://localhost:5173' has been blocked by CORS policy: Response to preflight request doesn't pass access control check: The 'Access-Control-Allow-Origin' header has a value 'https://gitfolio.harmnix.com' that is not equal to the supplied origin. Have the server send the header with a valid value. @ http://localhost:5173/dashboard:0
[    2032ms] [ERROR] Failed to load resource: net::ERR_FAILED @ https://gitfolio-workers.gitfolio-api.workers.dev/premium/status:0
[    2032ms] [ERROR] Error verifying premium status: TypeError: Failed to fetch
    at verifyPremiumStatus (http://localhost:5173/src/hooks/usePremium.js:17:29) @ http://localhost:5173/src/hooks/usePremium.js:34
[    2069ms] [ERROR] Access to fetch at 'https://gitfolio-workers.gitfolio-api.workers.dev/premium/status' from origin 'http://localhost:5173' has been blocked by CORS policy: Response to preflight request doesn't pass access control check: The 'Access-Control-Allow-Origin' header has a value 'https://gitfolio.harmnix.com' that is not equal to the supplied origin. Have the server send the header with a valid value. @ http://localhost:5173/dashboard:0
[    2069ms] [ERROR] Failed to load resource: net::ERR_FAILED @ https://gitfolio-workers.gitfolio-api.workers.dev/premium/status:0
[    2069ms] [ERROR] Error verifying premium status: TypeError: Failed to fetch
    at verifyPremiumStatus (http://localhost:5173/src/hooks/usePremium.js:17:29) @ http://localhost:5173/src/hooks/usePremium.js:34
[    2074ms] [ERROR] Access to fetch at 'https://gitfolio-workers.gitfolio-api.workers.dev/premium/status' from origin 'http://localhost:5173' has been blocked by CORS policy: Response to preflight request doesn't pass access control check: The 'Access-Control-Allow-Origin' header has a value 'https://gitfolio.harmnix.com' that is not equal to the supplied origin. Have the server send the header with a valid value. @ http://localhost:5173/dashboard:0
[    2074ms] [ERROR] Failed to load resource: net::ERR_FAILED @ https://gitfolio-workers.gitfolio-api.workers.dev/premium/status:0
[    2074ms] [ERROR] Error verifying premium status: TypeError: Failed to fetch
    at verifyPremiumStatus (http://localhost:5173/src/hooks/usePremium.js:17:29) @ http://localhost:5173/src/hooks/usePremium.js:34
[    2074ms] [ERROR] Access to fetch at 'https://gitfolio-workers.gitfolio-api.workers.dev/premium/status' from origin 'http://localhost:5173' has been blocked by CORS policy: Response to preflight request doesn't pass access control check: The 'Access-Control-Allow-Origin' header has a value 'https://gitfolio.harmnix.com' that is not equal to the supplied origin. Have the server send the header with a valid value. @ http://localhost:5173/dashboard:0
[    2075ms] [ERROR] Failed to load resource: net::ERR_FAILED @ https://gitfolio-workers.gitfolio-api.workers.dev/premium/status:0
[    2075ms] [ERROR] Error verifying premium status: TypeError: Failed to fetch
    at verifyPremiumStatus (http://localhost:5173/src/hooks/usePremium.js:17:29) @ http://localhost:5173/src/hooks/usePremium.js:34
[    2079ms] [ERROR] Access to fetch at 'https://gitfolio-workers.gitfolio-api.workers.dev/premium/status' from origin 'http://localhost:5173' has been blocked by CORS policy: Response to preflight request doesn't pass access control check: The 'Access-Control-Allow-Origin' header has a value 'https://gitfolio.harmnix.com' that is not equal to the supplied origin. Have the server send the header with a valid value. @ http://localhost:5173/dashboard:0
[    2079ms] [ERROR] Failed to load resource: net::ERR_FAILED @ https://gitfolio-workers.gitfolio-api.workers.dev/premium/status:0
[    2079ms] [ERROR] Error verifying premium status: TypeError: Failed to fetch
    at verifyPremiumStatus (http://localhost:5173/src/hooks/usePremium.js:17:29) @ http://localhost:5173/src/hooks/usePremium.js:34
[    2080ms] [ERROR] Access to fetch at 'https://gitfolio-workers.gitfolio-api.workers.dev/premium/status' from origin 'http://localhost:5173' has been blocked by CORS policy: Response to preflight request doesn't pass access control check: The 'Access-Control-Allow-Origin' header has a value 'https://gitfolio.harmnix.com' that is not equal to the supplied origin. Have the server send the header with a valid value. @ http://localhost:5173/dashboard:0
[    2080ms] [ERROR] Failed to load resource: net::ERR_FAILED @ https://gitfolio-workers.gitfolio-api.workers.dev/premium/status:0
[    2080ms] [ERROR] Error verifying premium status: TypeError: Failed to fetch
    at verifyPremiumStatus (http://localhost:5173/src/hooks/usePremium.js:17:29) @ http://localhost:5173/src/hooks/usePremium.js:34
[    2081ms] [ERROR] Access to fetch at 'https://gitfolio-workers.gitfolio-api.workers.dev/premium/status' from origin 'http://localhost:5173' has been blocked by CORS policy: Response to preflight request doesn't pass access control check: The 'Access-Control-Allow-Origin' header has a value 'https://gitfolio.harmnix.com' that is not equal to the supplied origin. Have the server send the header with a valid value. @ http://localhost:5173/dashboard:0
[    2081ms] [ERROR] Failed to load resource: net::ERR_FAILED @ https://gitfolio-workers.gitfolio-api.workers.dev/premium/status:0
[    2081ms] [ERROR] Error verifying premium status: TypeError: Failed to fetch
    at verifyPremiumStatus (http://localhost:5173/src/hooks/usePremium.js:17:29) @ http://localhost:5173/src/hooks/usePremium.js:34
[    4113ms] [ERROR] Analytics computation failed: ErrorEvent @ http://localhost:5173/src/hooks/useGitHubData.js:182
[    4193ms] [ERROR] Analytics computation failed: ErrorEvent @ http://localhost:5173/src/hooks/useGitHubData.js:182
[    4259ms] [ERROR] Analytics computation failed: ErrorEvent @ http://localhost:5173/src/hooks/useGitHubData.js:182
[    4267ms] [ERROR] Analytics computation failed: ErrorEvent @ http://localhost:5173/src/hooks/useGitHubData.js:182
[    4390ms] [ERROR] Analytics computation failed: ErrorEvent @ http://localhost:5173/src/hooks/useGitHubData.js:182
[    4499ms] [ERROR] Analytics computation failed: ErrorEvent @ http://localhost:5173/src/hooks/useGitHubData.js:182
[  135445ms] [ERROR] %o

%s

%s
 ReferenceError: PlacementCard is not defined
    at Dashboard (http://localhost:5173/src/pages/Dashboard.jsx?t=1779451075425:513:44)
    at Object.react_stack_bottom_frame (http://localhost:5173/node_modules/.vite/deps/react-dom_client.js?v=69040897:12868:12)
    at renderWithHooks (http://localhost:5173/node_modules/.vite/deps/react-dom_client.js?v=69040897:4213:19)
    at updateFunctionComponent (http://localhost:5173/node_modules/.vite/deps/react-dom_client.js?v=69040897:5569:16)
    at beginWork (http://localhost:5173/node_modules/.vite/deps/react-dom_client.js?v=69040897:6140:20)
    at runWithFiberInDEV (http://localhost:5173/node_modules/.vite/deps/react-dom_client.js?v=69040897:851:66)
    at performUnitOfWork (http://localhost:5173/node_modules/.vite/deps/react-dom_client.js?v=69040897:8429:92)
    at workLoopSync (http://localhost:5173/node_modules/.vite/deps/react-dom_client.js?v=69040897:8325:37)
    at renderRootSync (http://localhost:5173/node_modules/.vite/deps/react-dom_client.js?v=69040897:8309:6)
    at performWorkOnRoot (http://localhost:5173/node_modules/.vite/deps/react-dom_client.js?v=69040897:7994:27) The above error occurred in the <Dashboard> component. React will try to recreate this component tree from scratch using the error boundary you provided, ErrorBoundary. @ http://localhost:5173/node_modules/.vite/deps/react-dom_client.js?v=69040897:5273
[  135445ms] [ERROR] ErrorBoundary caught an error ReferenceError: PlacementCard is not defined
    at Dashboard (http://localhost:5173/src/pages/Dashboard.jsx?t=1779451075425:513:44)
    at Object.react_stack_bottom_frame (http://localhost:5173/node_modules/.vite/deps/react-dom_client.js?v=69040897:12868:12)
    at renderWithHooks (http://localhost:5173/node_modules/.vite/deps/react-dom_client.js?v=69040897:4213:19)
    at updateFunctionComponent (http://localhost:5173/node_modules/.vite/deps/react-dom_client.js?v=69040897:5569:16)
    at beginWork (http://localhost:5173/node_modules/.vite/deps/react-dom_client.js?v=69040897:6140:20)
    at runWithFiberInDEV (http://localhost:5173/node_modules/.vite/deps/react-dom_client.js?v=69040897:851:66)
    at performUnitOfWork (http://localhost:5173/node_modules/.vite/deps/react-dom_client.js?v=69040897:8429:92)
    at workLoopSync (http://localhost:5173/node_modules/.vite/deps/react-dom_client.js?v=69040897:8325:37)
    at renderRootSync (http://localhost:5173/node_modules/.vite/deps/react-dom_client.js?v=69040897:8309:6)
    at performWorkOnRoot (http://localhost:5173/node_modules/.vite/deps/react-dom_client.js?v=69040897:7994:27) {componentStack: 
    at Dashboard (http://localhost:5173/src/pages…  at App (http://localhost:5173/src/App.jsx:51:2)} @ http://localhost:5173/src/components/ErrorBoundary.jsx:13
[  143847ms] [ERROR] Access to fetch at 'https://gitfolio-workers.gitfolio-api.workers.dev/premium/status' from origin 'http://localhost:5173' has been blocked by CORS policy: Response to preflight request doesn't pass access control check: The 'Access-Control-Allow-Origin' header has a value 'https://gitfolio.harmnix.com' that is not equal to the supplied origin. Have the server send the header with a valid value. @ http://localhost:5173/dashboard:0
[  143848ms] [ERROR] Failed to load resource: net::ERR_FAILED @ https://gitfolio-workers.gitfolio-api.workers.dev/premium/status:0
[  143848ms] [ERROR] Error verifying premium status: TypeError: Failed to fetch
    at verifyPremiumStatus (http://localhost:5173/src/hooks/usePremium.js:17:29) @ http://localhost:5173/src/hooks/usePremium.js:34
[  144164ms] [ERROR] %o

%s

%s
 ReferenceError: PlacementCard is not defined
    at Dashboard (http://localhost:5173/src/pages/Dashboard.jsx?t=1779451083714:513:44)
    at Object.react_stack_bottom_frame (http://localhost:5173/node_modules/.vite/deps/react-dom_client.js?v=69040897:12868:12)
    at renderWithHooks (http://localhost:5173/node_modules/.vite/deps/react-dom_client.js?v=69040897:4213:19)
    at updateFunctionComponent (http://localhost:5173/node_modules/.vite/deps/react-dom_client.js?v=69040897:5569:16)
    at beginWork (http://localhost:5173/node_modules/.vite/deps/react-dom_client.js?v=69040897:6120:628)
    at runWithFiberInDEV (http://localhost:5173/node_modules/.vite/deps/react-dom_client.js?v=69040897:851:66)
    at performUnitOfWork (http://localhost:5173/node_modules/.vite/deps/react-dom_client.js?v=69040897:8429:92)
    at workLoopSync (http://localhost:5173/node_modules/.vite/deps/react-dom_client.js?v=69040897:8325:37)
    at renderRootSync (http://localhost:5173/node_modules/.vite/deps/react-dom_client.js?v=69040897:8309:6)
    at performWorkOnRoot (http://localhost:5173/node_modules/.vite/deps/react-dom_client.js?v=69040897:7994:27) The above error occurred in the <Dashboard> component. React will try to recreate this component tree from scratch using the error boundary you provided, ErrorBoundary. @ http://localhost:5173/node_modules/.vite/deps/react-dom_client.js?v=69040897:5273
[  144164ms] [ERROR] ErrorBoundary caught an error ReferenceError: PlacementCard is not defined
    at Dashboard (http://localhost:5173/src/pages/Dashboard.jsx?t=1779451083714:513:44)
    at Object.react_stack_bottom_frame (http://localhost:5173/node_modules/.vite/deps/react-dom_client.js?v=69040897:12868:12)
    at renderWithHooks (http://localhost:5173/node_modules/.vite/deps/react-dom_client.js?v=69040897:4213:19)
    at updateFunctionComponent (http://localhost:5173/node_modules/.vite/deps/react-dom_client.js?v=69040897:5569:16)
    at beginWork (http://localhost:5173/node_modules/.vite/deps/react-dom_client.js?v=69040897:6120:628)
    at runWithFiberInDEV (http://localhost:5173/node_modules/.vite/deps/react-dom_client.js?v=69040897:851:66)
    at performUnitOfWork (http://localhost:5173/node_modules/.vite/deps/react-dom_client.js?v=69040897:8429:92)
    at workLoopSync (http://localhost:5173/node_modules/.vite/deps/react-dom_client.js?v=69040897:8325:37)
    at renderRootSync (http://localhost:5173/node_modules/.vite/deps/react-dom_client.js?v=69040897:8309:6)
    at performWorkOnRoot (http://localhost:5173/node_modules/.vite/deps/react-dom_client.js?v=69040897:7994:27) {componentStack: 
    at Dashboard (http://localhost:5173/src/pages…  at App (http://localhost:5173/src/App.jsx:51:2)} @ http://localhost:5173/src/components/ErrorBoundary.jsx:13
